root:x:0:0:root:/root:/bin/bash
daemon:x:1:1:daemon:/usr/sbin:/usr/sbin/nologin
bin:x:2:2:bin:/bin:/usr/sbin/nologin
sys:x:3:3:sys:/dev:/usr/sbin/nologin
sync:x:4:65534:sync:/bin:/bin/sync
games:x:5:60:games:/usr/games:/usr/sbin/nologin
man:x:6:12:man:/var/cache/man:/usr/sbin/nologin
lp:x:7:7:lp:/var/spool/lpd:/usr/sbin/nologin
mail:x:8:8:mail:/var/mail:/usr/sbin/nologin
news:x:9:9:news:/var/spool/news:/usr/sbin/nologin
www-data:x:33:33:www-data:/var/www:/usr/sbin/nologin
backup:x:34:34:backup:/var/backups:/usr/sbin/nologin
nobody:x:65534:65534:nobody:/nonexistent:/usr/sbin/nologin
systemd-network:x:998:998:systemd Network Management:/:/usr/sbin/nologin
messagebus:x:100:102::/nonexistent:/usr/sbin/nologin
sshd:x:101:65534::/run/sshd:/usr/sbin/nologin
profesor:x:1000:1000:profesor,,,:/home/profesor:/bin/bash
alumno1:x:1001:1001:alumno1,,,:/home/alumno1:/bin/bash
alumno2:x:1002:1001:alumno2,,,:/home/alumno2:/bin/bash
alumno3:x:1003:1002:alumno3,,,:/home/alumno3:/bin/bash
alumno4:x:1004:1002:alumno4,,,:/home/alumno4:/bin/bash
alumno5:x:1005:1003:alumno5,,,:/home/alumno5:/bin/bash
alumno6:x:1006:1003:alumno6,,,:/home/alumno6:/bin/bash
alumno7:x:1007:1004:alumno7,,,:/home/alumno7:/bin/bash
alumno8:x:1008:1004:alumno8,,,:/home/alumno8:/bin/bash
